<testsuites name="jest tests" tests="3" failures="0" time="1.331">
  <testsuite name="undefined" errors="0" failures="0" skipped="0" timestamp="2020-05-21T11:31:46" time="1.331" tests="3">
    <testcase classname=" Initial UI renders correctly" name=" Initial UI renders correctly" time="0.148">
    </testcase>
    <testcase classname=" Test with non existing author" name=" Test with non existing author" time="0.066">
    </testcase>
    <testcase classname=" Test with existing author" name=" Test with existing author" time="0.016">
    </testcase>
  </testsuite>
</testsuites>